Generate the next semantic version based on the conventional commit history of
your repository.

USAGE
  nsv next [FLAGS] [PATH]...

EXAMPLES
  # Generate the next semantic version
  nsv next

  # Generate and output only the version number
  nsv next --show

  # Use a custom format
  nsv next --format "v{{.Version}}"

FLAGS
  -f, --format <string>
          provide a go template for changing the default version format

  -h, --help
          help for next

      --major-prefixes <strings>
          a list of conventional commit prefixes that will trigger a major
          version increment

      --minor-prefixes <strings>
          a list of conventional commit prefixes that will trigger a minor
          version increment

      --patch-prefixes <strings>
          a list of conventional commit prefixes that will trigger a patch
          version increment

  -s, --show
          show how the version was generated

GLOBAL FLAGS
      --log-level <string>
          set the logging verbosity (default: info)

      --no-color
          disable colored output

      --no-log
          disable all log output
